00:00:34.691 [http-nio-8080-exec-3] DEBUG o.s.security.web.FilterChainProxy - Securing PUT /v1/tasks/34be6d79-436c-4c17-90a6-dd8efffeceea/reminders/28ee2802-f574-476f-a8d6-ea33e3abf75e
00:00:34.739 [http-nio-8080-exec-3] DEBUG a.t.b.s.JwtAuthenticationFilter - Token válido para usuário: user2@example.com
00:00:34.740 [http-nio-8080-exec-3] DEBUG a.t.b.s.JwtAuthenticationFilter - Autenticação setada para userId: 11ccf5f3-7e84-4472-90ef-f0ee2b31db23
00:00:34.742 [http-nio-8080-exec-3] DEBUG o.s.security.web.FilterChainProxy - Secured PUT /v1/tasks/34be6d79-436c-4c17-90a6-dd8efffeceea/reminders/28ee2802-f574-476f-a8d6-ea33e3abf75e
00:00:34.766 [http-nio-8080-exec-3] DEBUG org.hibernate.SQL - 
    select
        t1_0.id,
        t1_0.completed_at,
        t1_0.created_at,
        t1_0.deadline,
        t1_0.description,
        t1_0.is_completed,
        t1_0.priority,
        t1_0.recurring_type,
        t1_0.title,
        t1_0.updated_at,
        t1_0.user_id,
        i1_0.task_id,
        i1_0.id,
        i1_0.created_at,
        i1_0.is_completed,
        i1_0.order_index,
        i1_0.title 
    from
        tasks t1_0 
    left join
        task_items i1_0 
            on t1_0.id=i1_0.task_id 
    where
        t1_0.id=?
00:00:34.778 [http-nio-8080-exec-3] DEBUG org.hibernate.SQL - 
    select
        tr1_0.id,
        tr1_0.created_at,
        tr1_0.is_sent,
        tr1_0.remind_at,
        tr1_0.reminder_type,
        tr1_0.task_id 
    from
        task_reminders tr1_0 
    where
        tr1_0.id=?
00:00:34.787 [http-nio-8080-exec-3] INFO  a.t.b.service.TaskReminderService - Lembrete atualizado: 28ee2802-f574-476f-a8d6-ea33e3abf75e
00:00:34.790 [http-nio-8080-exec-3] DEBUG org.hibernate.SQL - 
    update
        task_reminders 
    set
        is_sent=?,
        remind_at=?,
        reminder_type=?,
        task_id=? 
    where
        id=?
00:01:21.829 [http-nio-8080-exec-5] DEBUG o.s.security.web.FilterChainProxy - Securing DELETE /v1/tasks/34be6d79-436c-4c17-90a6-dd8efffeceea/reminders/28ee2802-f574-476f-a8d6-ea33e3abf75e
00:01:21.857 [http-nio-8080-exec-5] DEBUG a.t.b.s.JwtAuthenticationFilter - Token válido para usuário: user2@example.com
00:01:21.857 [http-nio-8080-exec-5] DEBUG a.t.b.s.JwtAuthenticationFilter - Autenticação setada para userId: 11ccf5f3-7e84-4472-90ef-f0ee2b31db23
00:01:21.859 [http-nio-8080-exec-5] DEBUG o.s.security.web.FilterChainProxy - Secured DELETE /v1/tasks/34be6d79-436c-4c17-90a6-dd8efffeceea/reminders/28ee2802-f574-476f-a8d6-ea33e3abf75e
00:01:21.876 [http-nio-8080-exec-5] DEBUG org.hibernate.SQL - 
    select
        t1_0.id,
        t1_0.completed_at,
        t1_0.created_at,
        t1_0.deadline,
        t1_0.description,
        t1_0.is_completed,
        t1_0.priority,
        t1_0.recurring_type,
        t1_0.title,
        t1_0.updated_at,
        t1_0.user_id,
        i1_0.task_id,
        i1_0.id,
        i1_0.created_at,
        i1_0.is_completed,
        i1_0.order_index,
        i1_0.title 
    from
        tasks t1_0 
    left join
        task_items i1_0 
            on t1_0.id=i1_0.task_id 
    where
        t1_0.id=?
00:01:21.888 [http-nio-8080-exec-5] DEBUG org.hibernate.SQL - 
    select
        tr1_0.id,
        tr1_0.created_at,
        tr1_0.is_sent,
        tr1_0.remind_at,
        tr1_0.reminder_type,
        tr1_0.task_id 
    from
        task_reminders tr1_0 
    where
        tr1_0.id=?
00:01:21.916 [http-nio-8080-exec-5] INFO  a.t.b.service.TaskReminderService - Lembrete deletado: 28ee2802-f574-476f-a8d6-ea33e3abf75e
00:01:21.933 [http-nio-8080-exec-5] DEBUG org.hibernate.SQL - 
    delete 
    from
        task_reminders 
    where
        id=?
00:22:12.398 [restartedMain] INFO  a.task.backend.BackendApplication - Starting BackendApplication using Java 25.0.2 with PID 5520 (D:\Projetos\ADHD\1\backend\backend\target\classes started by Guilherme Lima in D:\Projetos\ADHD\1\backend\backend)
00:22:12.403 [restartedMain] DEBUG a.task.backend.BackendApplication - Running with Spring Boot v4.1.0, Spring v7.0.8
00:22:12.404 [restartedMain] INFO  a.task.backend.BackendApplication - No active profile set, falling back to 1 default profile: "default"
00:22:21.543 [restartedMain] INFO  a.task.backend.config.FirebaseConfig - Firebase Admin SDK inicializado com sucesso
00:22:21.705 [restartedMain] WARN  o.s.b.j.a.JpaBaseConfiguration$JpaWebConfiguration - spring.jpa.open-in-view is enabled by default. Therefore, database queries may be performed during view rendering. Explicitly configure spring.jpa.open-in-view to disable this warning
00:22:21.882 [restartedMain] DEBUG o.s.s.c.a.a.c.AuthenticationConfiguration$DefaultPasswordEncoderAuthenticationManagerBuilder - No authenticationProviders and no parentAuthenticationManager defined. Returning null.
00:22:22.209 [restartedMain] DEBUG o.s.s.web.DefaultSecurityFilterChain - Will secure any request with filters: DisableEncodeUrlFilter, WebAsyncManagerIntegrationFilter, SecurityContextHolderFilter, HeaderWriterFilter, LogoutFilter, JwtAuthenticationFilter, RequestCacheAwareFilter, SecurityContextHolderAwareRequestFilter, AnonymousAuthenticationFilter, SessionManagementFilter, ExceptionTranslationFilter, AuthorizationFilter
00:22:23.027 [restartedMain] INFO  a.task.backend.BackendApplication - Started BackendApplication in 11.85 seconds (process running for 13.716)
00:22:28.103 [http-nio-8080-exec-2] DEBUG o.s.security.web.FilterChainProxy - Securing POST /v1/auth/login
00:22:28.119 [http-nio-8080-exec-2] DEBUG o.s.s.w.a.AnonymousAuthenticationFilter - Set SecurityContextHolder to anonymous SecurityContext
00:22:28.122 [http-nio-8080-exec-2] DEBUG o.s.security.web.FilterChainProxy - Secured POST /v1/auth/login
00:22:28.760 [http-nio-8080-exec-2] DEBUG org.hibernate.SQL - 
    select
        u1_0.id,
        u1_0.created_at,
        u1_0.email,
        u1_0.name,
        u1_0.password_hash,
        u1_0.updated_at 
    from
        users u1_0 
    where
        u1_0.email=?
00:22:29.169 [http-nio-8080-exec-2] INFO  a.task.backend.service.AuthService - Usuário autenticado: user2@example.com
00:22:35.154 [http-nio-8080-exec-3] DEBUG o.s.security.web.FilterChainProxy - Securing POST /v1/auth/refresh
00:22:35.155 [http-nio-8080-exec-3] DEBUG o.s.s.w.a.AnonymousAuthenticationFilter - Set SecurityContextHolder to anonymous SecurityContext
00:22:35.155 [http-nio-8080-exec-3] DEBUG o.s.security.web.FilterChainProxy - Secured POST /v1/auth/refresh
00:22:35.255 [http-nio-8080-exec-3] DEBUG org.hibernate.SQL - 
    select
        u1_0.id,
        u1_0.created_at,
        u1_0.email,
        u1_0.name,
        u1_0.password_hash,
        u1_0.updated_at 
    from
        users u1_0 
    where
        u1_0.id=?
00:22:35.259 [http-nio-8080-exec-3] INFO  a.task.backend.service.AuthService - Access token renovado para: user2@example.com
00:22:39.996 [http-nio-8080-exec-4] DEBUG o.s.security.web.FilterChainProxy - Securing POST /v1/auth/logout
00:22:40.001 [http-nio-8080-exec-4] ERROR a.t.b.security.JwtTokenProvider - Token expirado: JWT expired at 2026-08-03T11:15:51Z. Current time: 2026-08-04T03:22:39Z, a difference of 58008999 milliseconds.  Allowed clock skew: 0 milliseconds.
00:22:40.001 [http-nio-8080-exec-4] WARN  a.t.b.s.JwtAuthenticationFilter - Token inválido fornecido na requisição
00:22:54.971 [http-nio-8080-exec-5] DEBUG o.s.security.web.FilterChainProxy - Securing POST /v1/auth/logout
00:22:54.977 [http-nio-8080-exec-5] DEBUG a.t.b.s.JwtAuthenticationFilter - Token válido para usuário: user2@example.com
00:22:54.979 [http-nio-8080-exec-5] DEBUG a.t.b.s.JwtAuthenticationFilter - Autenticação setada para userId: 11ccf5f3-7e84-4472-90ef-f0ee2b31db23
00:22:54.979 [http-nio-8080-exec-5] DEBUG o.s.security.web.FilterChainProxy - Secured POST /v1/auth/logout
08:11:27.456 [restartedMain] INFO  a.task.backend.BackendApplication - Starting BackendApplication using Java 25.0.2 with PID 13784 (D:\Projetos\ADHD\1\backend\backend\target\classes started by Guilherme Lima in D:\Projetos\ADHD\1\backend\backend)
08:11:27.460 [restartedMain] DEBUG a.task.backend.BackendApplication - Running with Spring Boot v4.1.0, Spring v7.0.8
08:11:27.461 [restartedMain] INFO  a.task.backend.BackendApplication - No active profile set, falling back to 1 default profile: "default"
08:11:40.312 [restartedMain] INFO  a.task.backend.config.FirebaseConfig - Firebase Admin SDK inicializado com sucesso
08:11:40.460 [restartedMain] WARN  o.s.b.j.a.JpaBaseConfiguration$JpaWebConfiguration - spring.jpa.open-in-view is enabled by default. Therefore, database queries may be performed during view rendering. Explicitly configure spring.jpa.open-in-view to disable this warning
08:11:40.778 [restartedMain] DEBUG o.s.s.c.a.a.c.AuthenticationConfiguration$DefaultPasswordEncoderAuthenticationManagerBuilder - No authenticationProviders and no parentAuthenticationManager defined. Returning null.
08:11:41.348 [restartedMain] DEBUG o.s.s.web.DefaultSecurityFilterChain - Will secure any request with filters: DisableEncodeUrlFilter, WebAsyncManagerIntegrationFilter, SecurityContextHolderFilter, HeaderWriterFilter, LogoutFilter, JwtAuthenticationFilter, RequestCacheAwareFilter, SecurityContextHolderAwareRequestFilter, AnonymousAuthenticationFilter, SessionManagementFilter, ExceptionTranslationFilter, AuthorizationFilter
08:11:42.547 [restartedMain] INFO  a.task.backend.BackendApplication - Started BackendApplication in 16.437 seconds (process running for 19.033)
08:15:29.037 [http-nio-8080-exec-3] DEBUG o.s.security.web.FilterChainProxy - Securing POST /v1/auth/login
08:15:29.068 [http-nio-8080-exec-3] DEBUG o.s.s.w.a.AnonymousAuthenticationFilter - Set SecurityContextHolder to anonymous SecurityContext
08:15:29.073 [http-nio-8080-exec-3] DEBUG o.s.security.web.FilterChainProxy - Secured POST /v1/auth/login
08:15:29.912 [http-nio-8080-exec-3] DEBUG org.hibernate.SQL - 
    select
        u1_0.id,
        u1_0.created_at,
        u1_0.email,
        u1_0.name,
        u1_0.password_hash,
        u1_0.updated_at 
    from
        users u1_0 
    where
        u1_0.email=?
08:15:30.399 [http-nio-8080-exec-3] INFO  a.task.backend.service.AuthService - Usuário autenticado: user2@example.com
08:15:45.276 [http-nio-8080-exec-4] DEBUG o.s.security.web.FilterChainProxy - Securing GET /v1/auth/login
08:15:45.276 [http-nio-8080-exec-4] DEBUG o.s.s.w.a.AnonymousAuthenticationFilter - Set SecurityContextHolder to anonymous SecurityContext
08:15:45.279 [http-nio-8080-exec-4] DEBUG o.s.s.w.a.Http403ForbiddenEntryPoint - Pre-authenticated entry point called. Rejecting access
08:15:45.291 [http-nio-8080-exec-4] DEBUG o.s.security.web.FilterChainProxy - Securing GET /error
08:15:45.292 [http-nio-8080-exec-4] DEBUG o.s.s.w.a.AnonymousAuthenticationFilter - Set SecurityContextHolder to anonymous SecurityContext
08:15:45.293 [http-nio-8080-exec-4] DEBUG o.s.s.w.a.Http403ForbiddenEntryPoint - Pre-authenticated entry point called. Rejecting access
08:15:48.108 [http-nio-8080-exec-5] DEBUG o.s.security.web.FilterChainProxy - Securing GET /v1/auth/login
08:15:48.109 [http-nio-8080-exec-5] DEBUG o.s.s.w.a.AnonymousAuthenticationFilter - Set SecurityContextHolder to anonymous SecurityContext
08:15:48.110 [http-nio-8080-exec-5] DEBUG o.s.s.w.a.Http403ForbiddenEntryPoint - Pre-authenticated entry point called. Rejecting access
08:15:48.111 [http-nio-8080-exec-5] DEBUG o.s.security.web.FilterChainProxy - Securing GET /error
08:15:48.111 [http-nio-8080-exec-5] DEBUG o.s.s.w.a.AnonymousAuthenticationFilter - Set SecurityContextHolder to anonymous SecurityContext
08:15:48.112 [http-nio-8080-exec-5] DEBUG o.s.s.w.a.Http403ForbiddenEntryPoint - Pre-authenticated entry point called. Rejecting access
08:18:02.542 [http-nio-8080-exec-3] DEBUG o.s.security.web.FilterChainProxy - Securing GET /v1/auth/
08:18:02.543 [http-nio-8080-exec-3] DEBUG o.s.s.w.a.AnonymousAuthenticationFilter - Set SecurityContextHolder to anonymous SecurityContext
08:18:02.543 [http-nio-8080-exec-3] DEBUG o.s.s.w.a.Http403ForbiddenEntryPoint - Pre-authenticated entry point called. Rejecting access
08:18:02.543 [http-nio-8080-exec-3] DEBUG o.s.security.web.FilterChainProxy - Securing GET /error
08:18:02.543 [http-nio-8080-exec-3] DEBUG o.s.s.w.a.AnonymousAuthenticationFilter - Set SecurityContextHolder to anonymous SecurityContext
08:18:02.544 [http-nio-8080-exec-3] DEBUG o.s.s.w.a.Http403ForbiddenEntryPoint - Pre-authenticated entry point called. Rejecting access
08:18:47.282 [http-nio-8080-exec-4] DEBUG o.s.security.web.FilterChainProxy - Securing GET /v3/api-docs/
08:18:47.282 [http-nio-8080-exec-4] DEBUG o.s.s.w.a.AnonymousAuthenticationFilter - Set SecurityContextHolder to anonymous SecurityContext
08:18:47.282 [http-nio-8080-exec-4] DEBUG o.s.security.web.FilterChainProxy - Secured GET /v3/api-docs/
08:18:47.290 [http-nio-8080-exec-4] ERROR a.t.b.e.GlobalExceptionHandler - Erro não tratado: 
org.springframework.web.servlet.resource.NoResourceFoundException: No static resource v3/api-docs for request '/api/v3/api-docs/'.
	at org.springframework.web.servlet.resource.ResourceHttpRequestHandler.handleRequest(ResourceHttpRequestHandler.java:527)
	at org.springframework.web.servlet.mvc.HttpRequestHandlerAdapter.handle(HttpRequestHandlerAdapter.java:50)
	at org.springframework.web.servlet.DispatcherServlet.doDispatch(DispatcherServlet.java:963)
	at org.springframework.web.servlet.DispatcherServlet.doService(DispatcherServlet.java:866)
	at org.springframework.web.servlet.FrameworkServlet.processRequest(FrameworkServlet.java:1000)
	at org.springframework.web.servlet.FrameworkServlet.doGet(FrameworkServlet.java:892)
	at jakarta.servlet.http.HttpServlet.service(HttpServlet.java:622)
	at org.springframework.web.servlet.FrameworkServlet.service(FrameworkServlet.java:874)
	at jakarta.servlet.http.HttpServlet.service(HttpServlet.java:710)
	at org.apache.catalina.core.ApplicationFilterChain.doFilter(ApplicationFilterChain.java:128)
	at org.apache.tomcat.websocket.server.WsFilter.doFilter(WsFilter.java:53)
	at org.apache.catalina.core.ApplicationFilterChain.doFilter(ApplicationFilterChain.java:107)
	at org.springframework.web.filter.CompositeFilter$VirtualFilterChain.doFilter(CompositeFilter.java:108)
	at org.springframework.security.web.FilterChainProxy.lambda$doFilterInternal$2(FilterChainProxy.java:235)
	at org.springframework.security.web.FilterChainProxy$VirtualFilterChain.doFilter(FilterChainProxy.java:376)
	at org.springframework.security.web.access.intercept.AuthorizationFilter.doFilter(AuthorizationFilter.java:101)
	at org.springframework.security.web.FilterChainProxy$VirtualFilterChain.doFilter(FilterChainProxy.java:385)
	at org.springframework.security.web.access.ExceptionTranslationFilter.doFilter(ExceptionTranslationFilter.java:126)
	at org.springframework.security.web.access.ExceptionTranslationFilter.doFilter(ExceptionTranslationFilter.java:120)
	at org.springframework.security.web.FilterChainProxy$VirtualFilterChain.doFilter(FilterChainProxy.java:385)
	at org.springframework.security.web.session.SessionManagementFilter.doFilter(SessionManagementFilter.java:132)
	at org.springframework.security.web.session.SessionManagementFilter.doFilter(SessionManagementFilter.java:86)
	at org.springframework.security.web.FilterChainProxy$VirtualFilterChain.doFilter(FilterChainProxy.java:385)
	at org.springframework.security.web.authentication.AnonymousAuthenticationFilter.doFilter(AnonymousAuthenticationFilter.java:100)
	at org.springframework.security.web.FilterChainProxy$VirtualFilterChain.doFilter(FilterChainProxy.java:385)
	at org.springframework.security.web.servletapi.SecurityContextHolderAwareRequestFilter.doFilter(SecurityContextHolderAwareRequestFilter.java:181)
	at org.springframework.security.web.FilterChainProxy$VirtualFilterChain.doFilter(FilterChainProxy.java:385)
	at org.springframework.security.web.savedrequest.RequestCacheAwareFilter.doFilter(RequestCacheAwareFilter.java:63)
	at org.springframework.security.web.FilterChainProxy$VirtualFilterChain.doFilter(FilterChainProxy.java:385)
	at adhd.task.backend.security.JwtAuthenticationFilter.doFilterInternal(JwtAuthenticationFilter.java:93)
	at org.springframework.web.filter.OncePerRequestFilter.doFilter(OncePerRequestFilter.java:116)
	at org.springframework.security.web.FilterChainProxy$VirtualFilterChain.doFilter(FilterChainProxy.java:385)
	at org.springframework.security.web.authentication.logout.LogoutFilter.doFilter(LogoutFilter.java:110)
	at org.springframework.security.web.authentication.logout.LogoutFilter.doFilter(LogoutFilter.java:96)
	at org.springframework.security.web.FilterChainProxy$VirtualFilterChain.doFilter(FilterChainProxy.java:385)
	at org.springframework.security.web.header.HeaderWriterFilter.doHeadersAfter(HeaderWriterFilter.java:90)
	at org.springframework.security.web.header.HeaderWriterFilter.doFilterInternal(HeaderWriterFilter.java:75)
	at org.springframework.web.filter.OncePerRequestFilter.doFilter(OncePerRequestFilter.java:116)
	at org.springframework.security.web.FilterChainProxy$VirtualFilterChain.doFilter(FilterChainProxy.java:385)
	at org.springframework.security.web.context.SecurityContextHolderFilter.doFilter(SecurityContextHolderFilter.java:82)
	at org.springframework.security.web.context.SecurityContextHolderFilter.doFilter(SecurityContextHolderFilter.java:69)
	at org.springframework.security.web.FilterChainProxy$VirtualFilterChain.doFilter(FilterChainProxy.java:385)
	at org.springframework.security.web.context.request.async.WebAsyncManagerIntegrationFilter.doFilterInternal(WebAsyncManagerIntegrationFilter.java:62)
	at org.springframework.web.filter.OncePerRequestFilter.doFilter(OncePerRequestFilter.java:116)
	at org.springframework.security.web.FilterChainProxy$VirtualFilterChain.doFilter(FilterChainProxy.java:385)
	at org.springframework.security.web.session.DisableEncodeUrlFilter.doFilterInternal(DisableEncodeUrlFilter.java:42)
	at org.springframework.web.filter.OncePerRequestFilter.doFilter(OncePerRequestFilter.java:116)
	at org.springframework.security.web.FilterChainProxy$VirtualFilterChain.doFilter(FilterChainProxy.java:385)
	at org.springframework.security.web.FilterChainProxy.doFilterInternal(FilterChainProxy.java:237)
	at org.springframework.security.web.FilterChainProxy.doFilter(FilterChainProxy.java:195)
	at org.springframework.web.filter.CompositeFilter$VirtualFilterChain.doFilter(CompositeFilter.java:113)
	at org.springframework.web.filter.ServletRequestPathFilter.doFilter(ServletRequestPathFilter.java:52)
	at org.springframework.web.filter.CompositeFilter$VirtualFilterChain.doFilter(CompositeFilter.java:113)
	at org.springframework.web.filter.CompositeFilter.doFilter(CompositeFilter.java:74)
	at org.springframework.security.config.annotation.web.configuration.WebSecurityConfiguration$CompositeFilterChainProxy.doFilter(WebSecurityConfiguration.java:317)
	at org.springframework.web.filter.DelegatingFilterProxy.invokeDelegate(DelegatingFilterProxy.java:355)
	at org.springframework.web.filter.DelegatingFilterProxy.doFilter(DelegatingFilterProxy.java:272)
	at org.apache.catalina.core.ApplicationFilterChain.doFilter(ApplicationFilterChain.java:107)
	at org.springframework.web.filter.RequestContextFilter.doFilterInternal(RequestContextFilter.java:100)
	at org.springframework.web.filter.OncePerRequestFilter.doFilter(OncePerRequestFilter.java:116)
	at org.apache.catalina.core.ApplicationFilterChain.doFilter(ApplicationFilterChain.java:107)
	at org.springframework.web.filter.FormContentFilter.doFilterInternal(FormContentFilter.java:93)
	at org.springframework.web.filter.OncePerRequestFilter.doFilter(OncePerRequestFilter.java:116)
	at org.apache.catalina.core.ApplicationFilterChain.doFilter(ApplicationFilterChain.java:107)
	at org.springframework.web.filter.CharacterEncodingFilter.doFilterInternal(CharacterEncodingFilter.java:199)
	at org.springframework.web.filter.OncePerRequestFilter.doFilter(OncePerRequestFilter.java:116)
	at org.apache.catalina.core.ApplicationFilterChain.doFilter(ApplicationFilterChain.java:107)
	at org.apache.catalina.core.StandardWrapperValve.invoke(StandardWrapperValve.java:165)
	at org.apache.catalina.core.StandardContextValve.invoke(StandardContextValve.java:77)
	at org.apache.catalina.authenticator.AuthenticatorBase.invoke(AuthenticatorBase.java:492)
	at org.apache.catalina.core.StandardHostValve.invoke(StandardHostValve.java:113)
	at org.apache.catalina.valves.ErrorReportValve.invoke(ErrorReportValve.java:83)
	at org.apache.catalina.core.StandardEngineValve.invoke(StandardEngineValve.java:72)
	at org.apache.catalina.connector.CoyoteAdapter.service(CoyoteAdapter.java:341)
	at org.apache.coyote.http11.Http11Processor.service(Http11Processor.java:397)
	at org.apache.coyote.AbstractProcessorLight.process(AbstractProcessorLight.java:63)
	at org.apache.coyote.AbstractProtocol$ConnectionHandler.process(AbstractProtocol.java:1272)
	at org.apache.tomcat.util.net.NioEndpoint$SocketProcessor.doRun(NioEndpoint.java:1801)
	at org.apache.tomcat.util.net.SocketProcessorBase.run(SocketProcessorBase.java:52)
	at org.apache.tomcat.util.threads.ThreadPoolExecutor.runWorker(ThreadPoolExecutor.java:946)
	at org.apache.tomcat.util.threads.ThreadPoolExecutor$Worker.run(ThreadPoolExecutor.java:480)
	at org.apache.tomcat.util.threads.TaskThread$WrappingRunnable.run(TaskThread.java:57)
	at java.base/java.lang.Thread.run(Thread.java:1474)
08:18:47.311 [http-nio-8080-exec-4] WARN  o.s.w.s.m.m.a.ExceptionHandlerExceptionResolver - Resolved [org.springframework.web.servlet.resource.NoResourceFoundException: No static resource v3/api-docs for request '/api/v3/api-docs/'.]
08:20:09.399 [http-nio-8080-exec-2] DEBUG o.s.security.web.FilterChainProxy - Securing GET /swagger-ui/
08:20:09.400 [http-nio-8080-exec-2] DEBUG o.s.s.w.a.AnonymousAuthenticationFilter - Set SecurityContextHolder to anonymous SecurityContext
08:20:09.400 [http-nio-8080-exec-2] DEBUG o.s.security.web.FilterChainProxy - Secured GET /swagger-ui/
08:20:09.402 [http-nio-8080-exec-2] ERROR a.t.b.e.GlobalExceptionHandler - Erro não tratado: 
org.springframework.web.servlet.resource.NoResourceFoundException: No static resource swagger-ui for request '/api/swagger-ui/'.
	at org.springframework.web.servlet.resource.ResourceHttpRequestHandler.handleRequest(ResourceHttpRequestHandler.java:527)
	at org.springframework.web.servlet.mvc.HttpRequestHandlerAdapter.handle(HttpRequestHandlerAdapter.java:50)
	at org.springframework.web.servlet.DispatcherServlet.doDispatch(DispatcherServlet.java:963)
	at org.springframework.web.servlet.DispatcherServlet.doService(DispatcherServlet.java:866)
	at org.springframework.web.servlet.FrameworkServlet.processRequest(FrameworkServlet.java:1000)
	at org.springframework.web.servlet.FrameworkServlet.doGet(FrameworkServlet.java:892)
	at jakarta.servlet.http.HttpServlet.service(HttpServlet.java:622)
	at org.springframework.web.servlet.FrameworkServlet.service(FrameworkServlet.java:874)
	at jakarta.servlet.http.HttpServlet.service(HttpServlet.java:710)
	at org.apache.catalina.core.ApplicationFilterChain.doFilter(ApplicationFilterChain.java:128)
	at org.apache.tomcat.websocket.server.WsFilter.doFilter(WsFilter.java:53)
	at org.apache.catalina.core.ApplicationFilterChain.doFilter(ApplicationFilterChain.java:107)
	at org.springframework.web.filter.CompositeFilter$VirtualFilterChain.doFilter(CompositeFilter.java:108)
	at org.springframework.security.web.FilterChainProxy.lambda$doFilterInternal$2(FilterChainProxy.java:235)
	at org.springframework.security.web.FilterChainProxy$VirtualFilterChain.doFilter(FilterChainProxy.java:376)
	at org.springframework.security.web.access.intercept.AuthorizationFilter.doFilter(AuthorizationFilter.java:101)
	at org.springframework.security.web.FilterChainProxy$VirtualFilterChain.doFilter(FilterChainProxy.java:385)
	at org.springframework.security.web.access.ExceptionTranslationFilter.doFilter(ExceptionTranslationFilter.java:126)
	at org.springframework.security.web.access.ExceptionTranslationFilter.doFilter(ExceptionTranslationFilter.java:120)
	at org.springframework.security.web.FilterChainProxy$VirtualFilterChain.doFilter(FilterChainProxy.java:385)
	at org.springframework.security.web.session.SessionManagementFilter.doFilter(SessionManagementFilter.java:132)
	at org.springframework.security.web.session.SessionManagementFilter.doFilter(SessionManagementFilter.java:86)
	at org.springframework.security.web.FilterChainProxy$VirtualFilterChain.doFilter(FilterChainProxy.java:385)
	at org.springframework.security.web.authentication.AnonymousAuthenticationFilter.doFilter(AnonymousAuthenticationFilter.java:100)
	at org.springframework.security.web.FilterChainProxy$VirtualFilterChain.doFilter(FilterChainProxy.java:385)
	at org.springframework.security.web.servletapi.SecurityContextHolderAwareRequestFilter.doFilter(SecurityContextHolderAwareRequestFilter.java:181)
	at org.springframework.security.web.FilterChainProxy$VirtualFilterChain.doFilter(FilterChainProxy.java:385)
	at org.springframework.security.web.savedrequest.RequestCacheAwareFilter.doFilter(RequestCacheAwareFilter.java:63)
	at org.springframework.security.web.FilterChainProxy$VirtualFilterChain.doFilter(FilterChainProxy.java:385)
	at adhd.task.backend.security.JwtAuthenticationFilter.doFilterInternal(JwtAuthenticationFilter.java:93)
	at org.springframework.web.filter.OncePerRequestFilter.doFilter(OncePerRequestFilter.java:116)
	at org.springframework.security.web.FilterChainProxy$VirtualFilterChain.doFilter(FilterChainProxy.java:385)
	at org.springframework.security.web.authentication.logout.LogoutFilter.doFilter(LogoutFilter.java:110)
	at org.springframework.security.web.authentication.logout.LogoutFilter.doFilter(LogoutFilter.java:96)
	at org.springframework.security.web.FilterChainProxy$VirtualFilterChain.doFilter(FilterChainProxy.java:385)
	at org.springframework.security.web.header.HeaderWriterFilter.doHeadersAfter(HeaderWriterFilter.java:90)
	at org.springframework.security.web.header.HeaderWriterFilter.doFilterInternal(HeaderWriterFilter.java:75)
	at org.springframework.web.filter.OncePerRequestFilter.doFilter(OncePerRequestFilter.java:116)
	at org.springframework.security.web.FilterChainProxy$VirtualFilterChain.doFilter(FilterChainProxy.java:385)
	at org.springframework.security.web.context.SecurityContextHolderFilter.doFilter(SecurityContextHolderFilter.java:82)
	at org.springframework.security.web.context.SecurityContextHolderFilter.doFilter(SecurityContextHolderFilter.java:69)
	at org.springframework.security.web.FilterChainProxy$VirtualFilterChain.doFilter(FilterChainProxy.java:385)
	at org.springframework.security.web.context.request.async.WebAsyncManagerIntegrationFilter.doFilterInternal(WebAsyncManagerIntegrationFilter.java:62)
	at org.springframework.web.filter.OncePerRequestFilter.doFilter(OncePerRequestFilter.java:116)
	at org.springframework.security.web.FilterChainProxy$VirtualFilterChain.doFilter(FilterChainProxy.java:385)
	at org.springframework.security.web.session.DisableEncodeUrlFilter.doFilterInternal(DisableEncodeUrlFilter.java:42)
	at org.springframework.web.filter.OncePerRequestFilter.doFilter(OncePerRequestFilter.java:116)
	at org.springframework.security.web.FilterChainProxy$VirtualFilterChain.doFilter(FilterChainProxy.java:385)
	at org.springframework.security.web.FilterChainProxy.doFilterInternal(FilterChainProxy.java:237)
	at org.springframework.security.web.FilterChainProxy.doFilter(FilterChainProxy.java:195)
	at org.springframework.web.filter.CompositeFilter$VirtualFilterChain.doFilter(CompositeFilter.java:113)
	at org.springframework.web.filter.ServletRequestPathFilter.doFilter(ServletRequestPathFilter.java:52)
	at org.springframework.web.filter.CompositeFilter$VirtualFilterChain.doFilter(CompositeFilter.java:113)
	at org.springframework.web.filter.CompositeFilter.doFilter(CompositeFilter.java:74)
	at org.springframework.security.config.annotation.web.configuration.WebSecurityConfiguration$CompositeFilterChainProxy.doFilter(WebSecurityConfiguration.java:317)
	at org.springframework.web.filter.DelegatingFilterProxy.invokeDelegate(DelegatingFilterProxy.java:355)
	at org.springframework.web.filter.DelegatingFilterProxy.doFilter(DelegatingFilterProxy.java:272)
	at org.apache.catalina.core.ApplicationFilterChain.doFilter(ApplicationFilterChain.java:107)
	at org.springframework.web.filter.RequestContextFilter.doFilterInternal(RequestContextFilter.java:100)
	at org.springframework.web.filter.OncePerRequestFilter.doFilter(OncePerRequestFilter.java:116)
	at org.apache.catalina.core.ApplicationFilterChain.doFilter(ApplicationFilterChain.java:107)
	at org.springframework.web.filter.FormContentFilter.doFilterInternal(FormContentFilter.java:93)
	at org.springframework.web.filter.OncePerRequestFilter.doFilter(OncePerRequestFilter.java:116)
	at org.apache.catalina.core.ApplicationFilterChain.doFilter(ApplicationFilterChain.java:107)
	at org.springframework.web.filter.CharacterEncodingFilter.doFilterInternal(CharacterEncodingFilter.java:199)
	at org.springframework.web.filter.OncePerRequestFilter.doFilter(OncePerRequestFilter.java:116)
	at org.apache.catalina.core.ApplicationFilterChain.doFilter(ApplicationFilterChain.java:107)
	at org.apache.catalina.core.StandardWrapperValve.invoke(StandardWrapperValve.java:165)
	at org.apache.catalina.core.StandardContextValve.invoke(StandardContextValve.java:77)
	at org.apache.catalina.authenticator.AuthenticatorBase.invoke(AuthenticatorBase.java:492)
	at org.apache.catalina.core.StandardHostValve.invoke(StandardHostValve.java:113)
	at org.apache.catalina.valves.ErrorReportValve.invoke(ErrorReportValve.java:83)
	at org.apache.catalina.core.StandardEngineValve.invoke(StandardEngineValve.java:72)
	at org.apache.catalina.connector.CoyoteAdapter.service(CoyoteAdapter.java:341)
	at org.apache.coyote.http11.Http11Processor.service(Http11Processor.java:397)
	at org.apache.coyote.AbstractProcessorLight.process(AbstractProcessorLight.java:63)
	at org.apache.coyote.AbstractProtocol$ConnectionHandler.process(AbstractProtocol.java:1272)
	at org.apache.tomcat.util.net.NioEndpoint$SocketProcessor.doRun(NioEndpoint.java:1801)
	at org.apache.tomcat.util.net.SocketProcessorBase.run(SocketProcessorBase.java:52)
	at org.apache.tomcat.util.threads.ThreadPoolExecutor.runWorker(ThreadPoolExecutor.java:946)
	at org.apache.tomcat.util.threads.ThreadPoolExecutor$Worker.run(ThreadPoolExecutor.java:480)
	at org.apache.tomcat.util.threads.TaskThread$WrappingRunnable.run(TaskThread.java:57)
	at java.base/java.lang.Thread.run(Thread.java:1474)
08:20:09.405 [http-nio-8080-exec-2] WARN  o.s.w.s.m.m.a.ExceptionHandlerExceptionResolver - Resolved [org.springframework.web.servlet.resource.NoResourceFoundException: No static resource swagger-ui for request '/api/swagger-ui/'.]
16:29:01.626 [restartedMain] INFO  a.task.backend.BackendApplication - Starting BackendApplication using Java 25.0.2 with PID 8892 (D:\Projetos\ADHD\1\backend\backend\target\classes started by Guilherme Lima in D:\Projetos\ADHD\1\backend\backend)
16:29:01.642 [restartedMain] DEBUG a.task.backend.BackendApplication - Running with Spring Boot v4.1.0, Spring v7.0.8
16:29:01.642 [restartedMain] INFO  a.task.backend.BackendApplication - No active profile set, falling back to 1 default profile: "default"
16:29:10.616 [restartedMain] INFO  a.task.backend.config.FirebaseConfig - Firebase Admin SDK inicializado com sucesso
16:29:10.707 [restartedMain] WARN  o.s.b.j.a.JpaBaseConfiguration$JpaWebConfiguration - spring.jpa.open-in-view is enabled by default. Therefore, database queries may be performed during view rendering. Explicitly configure spring.jpa.open-in-view to disable this warning
16:29:10.838 [restartedMain] DEBUG o.s.s.c.a.a.c.AuthenticationConfiguration$DefaultPasswordEncoderAuthenticationManagerBuilder - No authenticationProviders and no parentAuthenticationManager defined. Returning null.
16:29:11.014 [restartedMain] DEBUG o.s.s.web.DefaultSecurityFilterChain - Will secure any request with filters: DisableEncodeUrlFilter, WebAsyncManagerIntegrationFilter, SecurityContextHolderFilter, HeaderWriterFilter, LogoutFilter, JwtAuthenticationFilter, RequestCacheAwareFilter, SecurityContextHolderAwareRequestFilter, AnonymousAuthenticationFilter, SessionManagementFilter, ExceptionTranslationFilter, AuthorizationFilter
16:29:11.587 [restartedMain] INFO  a.task.backend.BackendApplication - Started BackendApplication in 10.598 seconds (process running for 12.384)
16:31:10.502 [http-nio-8080-exec-1] DEBUG o.s.security.web.FilterChainProxy - Securing POST /v1/auth/login
16:31:10.524 [http-nio-8080-exec-1] DEBUG o.s.s.w.a.AnonymousAuthenticationFilter - Set SecurityContextHolder to anonymous SecurityContext
16:31:10.527 [http-nio-8080-exec-1] DEBUG o.s.security.web.FilterChainProxy - Secured POST /v1/auth/login
16:31:11.261 [http-nio-8080-exec-1] DEBUG org.hibernate.SQL - 
    select
        u1_0.id,
        u1_0.created_at,
        u1_0.email,
        u1_0.name,
        u1_0.password_hash,
        u1_0.updated_at 
    from
        users u1_0 
    where
        u1_0.email=?
16:31:11.748 [http-nio-8080-exec-1] INFO  a.task.backend.service.AuthService - Usuário autenticado: user2@example.com
16:32:39.199 [http-nio-8080-exec-5] DEBUG o.s.security.web.FilterChainProxy - Securing GET /v1/devices
16:32:39.292 [http-nio-8080-exec-5] DEBUG a.t.b.s.JwtAuthenticationFilter - Token válido para usuário: user2@example.com
16:32:39.297 [http-nio-8080-exec-5] DEBUG a.t.b.s.JwtAuthenticationFilter - Autenticação setada para userId: 11ccf5f3-7e84-4472-90ef-f0ee2b31db23
16:32:39.298 [http-nio-8080-exec-5] DEBUG o.s.security.web.FilterChainProxy - Secured GET /v1/devices
16:32:39.323 [http-nio-8080-exec-5] DEBUG org.hibernate.SQL - 
    select
        pt1_0.id,
        pt1_0.created_at,
        pt1_0.device_token,
        pt1_0.is_active,
        pt1_0.platform,
        pt1_0.updated_at,
        pt1_0.user_id 
    from
        push_tokens pt1_0 
    where
        pt1_0.user_id=? 
        and pt1_0.is_active=true
17:23:09.782 [restartedMain] INFO  a.task.backend.BackendApplication - Starting BackendApplication using Java 25.0.2 with PID 4856 (D:\Projetos\ADHD\1\backend\backend\target\classes started by Guilherme Lima in D:\Projetos\ADHD\1\backend\backend)
17:23:09.784 [restartedMain] DEBUG a.task.backend.BackendApplication - Running with Spring Boot v4.1.0, Spring v7.0.8
17:23:09.785 [restartedMain] INFO  a.task.backend.BackendApplication - No active profile set, falling back to 1 default profile: "default"
17:23:14.139 [restartedMain] INFO  a.task.backend.config.FirebaseConfig - Firebase Admin SDK inicializado com sucesso
17:23:14.189 [restartedMain] WARN  o.s.b.j.a.JpaBaseConfiguration$JpaWebConfiguration - spring.jpa.open-in-view is enabled by default. Therefore, database queries may be performed during view rendering. Explicitly configure spring.jpa.open-in-view to disable this warning
17:23:14.275 [restartedMain] DEBUG o.s.s.c.a.a.c.AuthenticationConfiguration$DefaultPasswordEncoderAuthenticationManagerBuilder - No authenticationProviders and no parentAuthenticationManager defined. Returning null.
17:23:14.398 [restartedMain] DEBUG o.s.s.web.DefaultSecurityFilterChain - Will secure any request with filters: DisableEncodeUrlFilter, WebAsyncManagerIntegrationFilter, SecurityContextHolderFilter, HeaderWriterFilter, LogoutFilter, JwtAuthenticationFilter, RequestCacheAwareFilter, SecurityContextHolderAwareRequestFilter, AnonymousAuthenticationFilter, SessionManagementFilter, ExceptionTranslationFilter, AuthorizationFilter
17:23:14.767 [restartedMain] INFO  a.task.backend.BackendApplication - Started BackendApplication in 5.424 seconds (process running for 6.148)
17:23:24.078 [http-nio-8080-exec-2] DEBUG o.s.security.web.FilterChainProxy - Securing POST /v1/auth/login
17:23:24.084 [http-nio-8080-exec-2] DEBUG o.s.s.w.a.AnonymousAuthenticationFilter - Set SecurityContextHolder to anonymous SecurityContext
17:23:24.085 [http-nio-8080-exec-2] DEBUG o.s.security.web.FilterChainProxy - Secured POST /v1/auth/login
17:23:24.301 [http-nio-8080-exec-2] DEBUG org.hibernate.SQL - 
    select
        u1_0.id,
        u1_0.created_at,
        u1_0.email,
        u1_0.name,
        u1_0.password_hash,
        u1_0.updated_at 
    from
        users u1_0 
    where
        u1_0.email=?
17:23:24.420 [http-nio-8080-exec-2] INFO  a.task.backend.service.AuthService - Usuário autenticado: user2@example.com
